09-28 00:00:37.909   349   399 W RanchuHwc: presentDisplay display has no layers to compose, flushing client target buffer.
09-28 00:00:37.924   349   399 W RanchuHwc: presentDisplay display has no layers to compose, flushing client target buffer.
09-28 00:00:37.941   349   399 W RanchuHwc: presentDisplay display has no layers to compose, flushing client target buffer.
09-28 00:00:37.958   349   399 W RanchuHwc: presentDisplay display has no layers to compose, flushing client target buffer.
09-28 00:00:37.958   405   451 W TransactionTracing: Could not find layer id -1
09-28 00:00:37.962   720   993 D EGL_emulation: app_time_stats: avg=24.50ms min=1.26ms max=146.54ms count=33
09-28 00:00:37.980   349   399 W RanchuHwc: presentDisplay display has no layers to compose, flushing client target buffer.
09-28 00:00:37.981   405   451 W TransactionTracing: Could not find layer id -1
09-28 00:00:37.981   405   451 W TransactionTracing: Could not find layer id -1
09-28 00:00:37.981   405   451 W TransactionTracing: Could not find layer id -1
09-28 00:00:37.981   405   451 W TransactionTracing: Could not find layer id -1
09-28 00:00:37.981   405   451 W TransactionTracing: Could not find layer id -1
09-28 00:00:37.981   405   451 W TransactionTracing: Could not find layer id -1
09-28 00:00:37.991   349   399 W RanchuHwc: presentDisplay display has no layers to compose, flushing client target buffer.
09-28 00:00:38.010   349   399 W RanchuHwc: presentDisplay display has no layers to compose, flushing client target buffer.
09-28 00:00:38.029   349   399 W RanchuHwc: presentDisplay display has no layers to compose, flushing client target buffer.
09-28 00:00:38.029   405   451 W TransactionTracing: Could not find layer handle 0xb400007b5eefadb0
09-28 00:00:38.030   405   451 W TransactionTracing: Could not find layer handle 0xb400007b5eef87d0
09-28 00:00:38.031   405   451 W TransactionTracing: Could not find layer handle 0xb400007b5eef85f0
09-28 00:00:38.031   405   451 W TransactionTracing: Could not find layer handle 0xb400007b5eef85f0
09-28 00:00:38.031   405   451 W TransactionTracing: Could not find layer handle 0xb400007b5eef87d0
09-28 00:00:38.041   349   399 W RanchuHwc: presentDisplay display has no layers to compose, flushing client target buffer.
09-28 00:00:38.058   349   399 W RanchuHwc: presentDisplay display has no layers to compose, flushing client target buffer.
09-28 00:00:38.075   349   399 W RanchuHwc: presentDisplay display has no layers to compose, flushing client target buffer.
09-28 00:00:38.091   349   399 W RanchuHwc: presentDisplay display has no layers to compose, flushing client target buffer.
09-28 00:00:38.107   349   399 W RanchuHwc: presentDisplay display has no layers to compose, flushing client target buffer.
09-28 00:00:38.124   349   399 W RanchuHwc: presentDisplay display has no layers to compose, flushing client target buffer.
09-28 00:00:38.140   349   399 W RanchuHwc: presentDisplay display has no layers to compose, flushing client target buffer.
09-28 00:00:38.157   349   399 W RanchuHwc: presentDisplay display has no layers to compose, flushing client target buffer.
09-28 00:00:38.173   349   399 W RanchuHwc: presentDisplay display has no layers to compose, flushing client target buffer.
09-28 00:00:38.190   349   399 W RanchuHwc: presentDisplay display has no layers to compose, flushing client target buffer.
09-28 00:00:38.207   349   399 W RanchuHwc: presentDisplay display has no layers to compose, flushing client target buffer.
09-28 00:00:38.224   349   399 W RanchuHwc: presentDisplay display has no layers to compose, flushing client target buffer.
09-28 00:00:38.241   349   399 W RanchuHwc: presentDisplay display has no layers to compose, flushing client target buffer.
09-28 00:00:38.257   349   399 W RanchuHwc: presentDisplay display has no layers to compose, flushing client target buffer.
09-28 00:00:38.259   405   451 W TransactionTracing: Could not find layer id -1
09-28 00:00:38.275   349   399 W RanchuHwc: presentDisplay display has no layers to compose, flushing client target buffer.
09-28 00:00:38.284  9000  9000 I ViewInteraction: Performing 'single click' action on view view.getId() is <2131230844/com.example.lunchtray:id/cauliflower>
09-28 00:00:38.288  1117  1117 D TaplEvents: TIS / TouchInteractionService.onInputEvent: MotionEvent { action=ACTION_DOWN, actionButton=0, id[0]=0, x[0]=206.0, y[0]=285.5, toolType[0]=TOOL_TYPE_UNKNOWN, buttonState=BUTTON_PRIMARY, classification=NONE, metaState=0, flags=0x0, edgeFlags=0x0, pointerCount=1, historySize=0, eventTime=686985, downTime=686985, deviceId=-1, source=0x1002, displayId=0, eventId=-225920885 }
09-28 00:00:38.292   349   399 W RanchuHwc: presentDisplay display has no layers to compose, flushing client target buffer.
09-28 00:00:38.308   349   399 W RanchuHwc: presentDisplay display has no layers to compose, flushing client target buffer.
09-28 00:00:38.325   349   399 W RanchuHwc: presentDisplay display has no layers to compose, flushing client target buffer.
09-28 00:00:38.329  1117  1117 D TaplEvents: TIS / TouchInteractionService.onInputEvent: MotionEvent { action=ACTION_UP, actionButton=0, id[0]=0, x[0]=206.0, y[0]=285.5, toolType[0]=TOOL_TYPE_FINGER, buttonState=BUTTON_PRIMARY, classification=NONE, metaState=0, flags=0x0, edgeFlags=0x0, pointerCount=1, historySize=0, eventTime=687025, downTime=686985, deviceId=-1, source=0x1002, displayId=0, eventId=-623154014 }
09-28 00:00:38.340   349   399 W RanchuHwc: presentDisplay display has no layers to compose, flushing client target buffer.
09-28 00:00:38.357   349   399 W RanchuHwc: presentDisplay display has no layers to compose, flushing client target buffer.
09-28 00:00:38.373   349   399 W RanchuHwc: presentDisplay display has no layers to compose, flushing client target buffer.
09-28 00:00:38.390   349   399 W RanchuHwc: presentDisplay display has no layers to compose, flushing client target buffer.
09-28 00:00:38.407   349   399 W RanchuHwc: presentDisplay display has no layers to compose, flushing client target buffer.
09-28 00:00:38.423   349   399 W RanchuHwc: presentDisplay display has no layers to compose, flushing client target buffer.
09-28 00:00:38.441   349   399 W RanchuHwc: presentDisplay display has no layers to compose, flushing client target buffer.
09-28 00:00:38.457   349   399 W RanchuHwc: presentDisplay display has no layers to compose, flushing client target buffer.
09-28 00:00:38.475   349   399 W RanchuHwc: presentDisplay display has no layers to compose, flushing client target buffer.
09-28 00:00:38.490   349   399 W RanchuHwc: presentDisplay display has no layers to compose, flushing client target buffer.
09-28 00:00:38.508   349   399 W RanchuHwc: presentDisplay display has no layers to compose, flushing client target buffer.
09-28 00:00:38.526   349   399 W RanchuHwc: presentDisplay display has no layers to compose, flushing client target buffer.
09-28 00:00:38.541   349   399 W RanchuHwc: presentDisplay display has no layers to compose, flushing client target buffer.
09-28 00:00:38.558   349   399 W RanchuHwc: presentDisplay display has no layers to compose, flushing client target buffer.
09-28 00:00:38.574   349   399 W RanchuHwc: presentDisplay display has no layers to compose, flushing client target buffer.
09-28 00:00:38.591   349   399 W RanchuHwc: presentDisplay display has no layers to compose, flushing client target buffer.
09-28 00:00:38.596  9000  9023 D EGL_emulation: app_time_stats: avg=28.53ms min=10.98ms max=279.28ms count=40
09-28 00:00:38.607   349   399 W RanchuHwc: presentDisplay display has no layers to compose, flushing client target buffer.
09-28 00:00:38.624   349   399 W RanchuHwc: presentDisplay display has no layers to compose, flushing client target buffer.
09-28 00:00:38.640   349   399 W RanchuHwc: presentDisplay display has no layers to compose, flushing client target buffer.
09-28 00:00:38.645  9000  9000 I ViewInteraction: Performing 'single click' action on view view.getId() is <2131231080/com.example.lunchtray:id/next_button>
09-28 00:00:38.647  1117  1117 D TaplEvents: TIS / TouchInteractionService.onInputEvent: MotionEvent { action=ACTION_DOWN, actionButton=0, id[0]=0, x[0]=798.5, y[0]=1718.5, toolType[0]=TOOL_TYPE_UNKNOWN, buttonState=BUTTON_PRIMARY, classification=NONE, metaState=0, flags=0x0, edgeFlags=0x0, pointerCount=1, historySize=0, eventTime=687346, downTime=687346, deviceId=-1, source=0x1002, displayId=0, eventId=-608240941 }
09-28 00:00:38.657   349   399 W RanchuHwc: presentDisplay display has no layers to compose, flushing client target buffer.
09-28 00:00:38.673   349   399 W RanchuHwc: presentDisplay display has no layers to compose, flushing client target buffer.
09-28 00:00:38.692   349   399 W RanchuHwc: presentDisplay display has no layers to compose, flushing client target buffer.
09-28 00:00:38.695  1117  1117 D TaplEvents: TIS / TouchInteractionService.onInputEvent: MotionEvent { action=ACTION_UP, actionButton=0, id[0]=0, x[0]=798.5, y[0]=1718.5, toolType[0]=TOOL_TYPE_FINGER, buttonState=BUTTON_PRIMARY, classification=NONE, metaState=0, flags=0x0, edgeFlags=0x0, pointerCount=1, historySize=0, eventTime=687394, downTime=687346, deviceId=-1, source=0x1002, displayId=0, eventId=-430281643 }
09-28 00:00:38.725   349   399 W RanchuHwc: presentDisplay display has no layers to compose, flushing client target buffer.
09-28 00:00:38.779   349   399 W RanchuHwc: presentDisplay display has no layers to compose, flushing client target buffer.
09-28 00:00:38.795   349   399 W RanchuHwc: presentDisplay display has no layers to compose, flushing client target buffer.
09-28 00:00:38.810   349   399 W RanchuHwc: presentDisplay display has no layers to compose, flushing client target buffer.
09-28 00:00:38.841   349   399 W RanchuHwc: presentDisplay display has no layers to compose, flushing client target buffer.
09-28 00:00:38.857   349   399 W RanchuHwc: presentDisplay display has no layers to compose, flushing client target buffer.
09-28 00:00:38.874   349   399 W RanchuHwc: presentDisplay display has no layers to compose, flushing client target buffer.
09-28 00:00:38.940   349   399 W RanchuHwc: presentDisplay display has no layers to compose, flushing client target buffer.
09-28 00:00:38.957   349   399 W RanchuHwc: presentDisplay display has no layers to compose, flushing client target buffer.
09-28 00:00:39.008   720   993 D EGL_emulation: app_time_stats: avg=15.44ms min=1.37ms max=63.22ms count=48
09-28 00:00:39.016  9000  9000 I ViewInteraction: Performing 'single click' action on view view.getId() is <2131231186/com.example.lunchtray:id/soup>
09-28 00:00:39.020  1117  1117 D TaplEvents: TIS / TouchInteractionService.onInputEvent: MotionEvent { action=ACTION_DOWN, actionButton=0, id[0]=0, x[0]=325.5, y[0]=616.5, toolType[0]=TOOL_TYPE_UNKNOWN, buttonState=BUTTON_PRIMARY, classification=NONE, metaState=0, flags=0x0, edgeFlags=0x0, pointerCount=1, historySize=0, eventTime=687716, downTime=687716, deviceId=-1, source=0x1002, displayId=0, eventId=-959177102 }
09-28 00:00:39.024   349   399 W RanchuHwc: presentDisplay display has no layers to compose, flushing client target buffer.
09-28 00:00:39.060  1117  1117 D TaplEvents: TIS / TouchInteractionService.onInputEvent: MotionEvent { action=ACTION_UP, actionButton=0, id[0]=0, x[0]=325.5, y[0]=616.5, toolType[0]=TOOL_TYPE_FINGER, buttonState=BUTTON_PRIMARY, classification=NONE, metaState=0, flags=0x0, edgeFlags=0x0, pointerCount=1, historySize=0, eventTime=687758, downTime=687716, deviceId=-1, source=0x1002, displayId=0, eventId=-544213776 }
09-28 00:00:39.091   349   399 W RanchuHwc: presentDisplay display has no layers to compose, flushing client target buffer.
09-28 00:00:39.107   349   399 W RanchuHwc: presentDisplay display has no layers to compose, flushing client target buffer.
09-28 00:00:39.124   349   399 W RanchuHwc: presentDisplay display has no layers to compose, flushing client target buffer.
09-28 00:00:39.141   349   399 W RanchuHwc: presentDisplay display has no layers to compose, flushing client target buffer.
09-28 00:00:39.157   349   399 W RanchuHwc: presentDisplay display has no layers to compose, flushing client target buffer.
09-28 00:00:39.173   349   399 W RanchuHwc: presentDisplay display has no layers to compose, flushing client target buffer.
09-28 00:00:39.190   349   399 W RanchuHwc: presentDisplay display has no layers to compose, flushing client target buffer.
09-28 00:00:39.207   349   399 W RanchuHwc: presentDisplay display has no layers to compose, flushing client target buffer.
09-28 00:00:39.208   405   451 W TransactionTracing: Could not find layer id -1
09-28 00:00:39.208   405   451 W TransactionTracing: Could not find layer id -1
09-28 00:00:39.208   405   451 W TransactionTracing: Could not find layer id -1
09-28 00:00:39.208   405   451 W TransactionTracing: Could not find layer id -1
09-28 00:00:39.223   349   399 W RanchuHwc: presentDisplay display has no layers to compose, flushing client target buffer.
09-28 00:00:39.241   349   399 W RanchuHwc: presentDisplay display has no layers to compose, flushing client target buffer.
09-28 00:00:39.258   349   399 W RanchuHwc: presentDisplay display has no layers to compose, flushing client target buffer.
09-28 00:00:39.275   349   399 W RanchuHwc: presentDisplay display has no layers to compose, flushing client target buffer.
09-28 00:00:39.290   349   399 W RanchuHwc: presentDisplay display has no layers to compose, flushing client target buffer.
09-28 00:00:39.308   349   399 W RanchuHwc: presentDisplay display has no layers to compose, flushing client target buffer.
09-28 00:00:39.324   349   399 W RanchuHwc: presentDisplay display has no layers to compose, flushing client target buffer.
09-28 00:00:39.340   349   399 W RanchuHwc: presentDisplay display has no layers to compose, flushing client target buffer.
09-28 00:00:39.357   349   399 W RanchuHwc: presentDisplay display has no layers to compose, flushing client target buffer.
09-28 00:00:39.373   349   399 W RanchuHwc: presentDisplay display has no layers to compose, flushing client target buffer.
09-28 00:00:39.376  9000  9000 I ViewInteraction: Performing 'single click' action on view view.getId() is <2131230842/com.example.lunchtray:id/cancel_button>
09-28 00:00:39.378  1117  1117 D TaplEvents: TIS / TouchInteractionService.onInputEvent: MotionEvent { action=ACTION_DOWN, actionButton=0, id[0]=0, x[0]=280.5, y[0]=1672.5, toolType[0]=TOOL_TYPE_UNKNOWN, buttonState=BUTTON_PRIMARY, classification=NONE, metaState=0, flags=0x0, edgeFlags=0x0, pointerCount=1, historySize=0, eventTime=688077, downTime=688077, deviceId=-1, source=0x1002, displayId=0, eventId=-767621547 }
09-28 00:00:39.390   349   399 W RanchuHwc: presentDisplay display has no layers to compose, flushing client target buffer.
09-28 00:00:39.408   349   399 W RanchuHwc: presentDisplay display has no layers to compose, flushing client target buffer.
09-28 00:00:39.419  1117  1117 D TaplEvents: TIS / TouchInteractionService.onInputEvent: MotionEvent { action=ACTION_UP, actionButton=0, id[0]=0, x[0]=280.5, y[0]=1672.5, toolType[0]=TOOL_TYPE_FINGER, buttonState=BUTTON_PRIMARY, classification=NONE, metaState=0, flags=0x0, edgeFlags=0x0, pointerCount=1, historySize=0, eventTime=688118, downTime=688077, deviceId=-1, source=0x1002, displayId=0, eventId=-635401582 }
09-28 00:00:39.424   349   399 W RanchuHwc: presentDisplay display has no layers to compose, flushing client target buffer.
09-28 00:00:39.484   349   399 W RanchuHwc: presentDisplay display has no layers to compose, flushing client target buffer.
09-28 00:00:39.567   349   399 W RanchuHwc: presentDisplay display has no layers to compose, flushing client target buffer.
09-28 00:00:39.602   349   399 W RanchuHwc: presentDisplay display has no layers to compose, flushing client target buffer.
09-28 00:00:39.616   349   399 W RanchuHwc: presentDisplay display has no layers to compose, flushing client target buffer.
09-28 00:00:39.634  9000  9023 D EGL_emulation: app_time_stats: avg=26.23ms min=2.87ms max=216.72ms count=38
09-28 00:00:39.645   349   399 W RanchuHwc: presentDisplay display has no layers to compose, flushing client target buffer.
09-28 00:00:39.667   349   399 W RanchuHwc: presentDisplay display has no layers to compose, flushing client target buffer.
09-28 00:00:39.698   349   399 W RanchuHwc: presentDisplay display has no layers to compose, flushing client target buffer.
09-28 00:00:39.865  9000  9000 I ViewInteraction: Performing 'single click' action on view view.getId() is <2131231207/com.example.lunchtray:id/start_order_btn>
09-28 00:00:39.870  1117  1117 D TaplEvents: TIS / TouchInteractionService.onInputEvent: MotionEvent { action=ACTION_DOWN, actionButton=0, id[0]=0, x[0]=540.0, y[0]=1197.5, toolType[0]=TOOL_TYPE_UNKNOWN, buttonState=BUTTON_PRIMARY, classification=NONE, metaState=0, flags=0x0, edgeFlags=0x0, pointerCount=1, historySize=0, eventTime=688566, downTime=688566, deviceId=-1, source=0x1002, displayId=0, eventId=-1058373604 }
09-28 00:00:39.908   349   399 W RanchuHwc: presentDisplay display has no layers to compose, flushing client target buffer.
09-28 00:00:39.920  1117  1117 D TaplEvents: TIS / TouchInteractionService.onInputEvent: MotionEvent { action=ACTION_UP, actionButton=0, id[0]=0, x[0]=540.0, y[0]=1197.5, toolType[0]=TOOL_TYPE_FINGER, buttonState=BUTTON_PRIMARY, classification=NONE, metaState=0, flags=0x0, edgeFlags=0x0, pointerCount=1, historySize=0, eventTime=688619, downTime=688566, deviceId=-1, source=0x1002, displayId=0, eventId=-208693803 }
09-28 00:00:39.926   349   399 W RanchuHwc: presentDisplay display has no layers to compose, flushing client target buffer.
09-28 00:00:39.946   349   399 W RanchuHwc: presentDisplay display has no layers to compose, flushing client target buffer.
09-28 00:00:39.958   349   399 W RanchuHwc: presentDisplay display has no layers to compose, flushing client target buffer.
09-28 00:00:39.975   349   399 W RanchuHwc: presentDisplay display has no layers to compose, flushing client target buffer.
09-28 00:00:40.003   349   399 W RanchuHwc: presentDisplay display has no layers to compose, flushing client target buffer.
09-28 00:00:40.028   349   399 W RanchuHwc: presentDisplay display has no layers to compose, flushing client target buffer.
09-28 00:00:40.051   349   399 W RanchuHwc: presentDisplay display has no layers to compose, flushing client target buffer.
09-28 00:00:40.076   349   399 W RanchuHwc: presentDisplay display has no layers to compose, flushing client target buffer.
09-28 00:00:40.091   349   399 W RanchuHwc: presentDisplay display has no layers to compose, flushing client target buffer.
09-28 00:00:40.108   349   399 W RanchuHwc: presentDisplay display has no layers to compose, flushing client target buffer.
09-28 00:00:40.128   349   399 W RanchuHwc: presentDisplay display has no layers to compose, flushing client target buffer.
09-28 00:00:40.145   349   399 W RanchuHwc: presentDisplay display has no layers to compose, flushing client target buffer.
09-28 00:00:40.278   349   399 W RanchuHwc: presentDisplay display has no layers to compose, flushing client target buffer.
09-28 00:00:40.328   349   399 W RanchuHwc: presentDisplay display has no layers to compose, flushing client target buffer.
09-28 00:00:40.348   349   399 W RanchuHwc: presentDisplay display has no layers to compose, flushing client target buffer.
09-28 00:00:40.353   327  9037 E android.hardware.audio@7.0-impl.ranchu: pcmWrite:203 pcm_write failed with  (-5)
09-28 00:00:40.356   327  9037 E android.hardware.audio@7.0-impl.ranchu: device/generic/goldfish/audio/talsa.cpp:pcmWrite:204 failure: false
09-28 00:00:40.428  9000  9000 I ViewInteraction: Checking 'MatchesViewAssertion{viewMatcher=(view has effective visibility <VISIBLE> and view.getGlobalVisibleRect() to return non-empty rectangle)}' assertion on view an instance of android.widget.TextView and view.getText() with or without transformation to match: is "Subtotal: $0.00"
09-28 00:00:40.430  9000  9021 I TestRunner: finished: order_reset_after_cancel_from_side_menu(com.example.lunchtray.OrderFunctionalityTests)
