09-28 00:00:24.924   349   399 W RanchuHwc: presentDisplay display has no layers to compose, flushing client target buffer.
09-28 00:00:24.943   349   399 W RanchuHwc: presentDisplay display has no layers to compose, flushing client target buffer.
09-28 00:00:24.958   349   399 W RanchuHwc: presentDisplay display has no layers to compose, flushing client target buffer.
09-28 00:00:24.976   349   399 W RanchuHwc: presentDisplay display has no layers to compose, flushing client target buffer.
09-28 00:00:24.979  4926  9065 I GmsDebugLogger: [73] 1801
09-28 00:00:25.000  4926  9065 I GmsDebugLogger: [30] [VisionOcrDynamite.integ:223510803100400]
09-28 00:00:25.007   349   399 W RanchuHwc: presentDisplay display has no layers to compose, flushing client target buffer.
09-28 00:00:25.024   349   399 W RanchuHwc: presentDisplay display has no layers to compose, flushing client target buffer.
09-28 00:00:25.026  4926  9065 W ChimeraConfigService: Retry attempt was throttled. [CONTEXT service_id=264 ]
09-28 00:00:25.026  4926  9065 I GmsDebugLogger: [83] 1 [vision.ocr]
09-28 00:00:25.034  4926  9064 W Vision  : Request for optional module download of ocr failed. Request again.
09-28 00:00:25.037  4926  9064 I Vision  : Schedule retrying download ocr at 673737 with backoff 320 seconds
09-28 00:00:25.040   349   399 W RanchuHwc: presentDisplay display has no layers to compose, flushing client target buffer.
09-28 00:00:25.056  5375  8952 I NetworkScheduler.Stats: Task com.google.android.gms/com.google.android.gms.tapandpay.gcmtask.TapAndPayGcmTaskService started execution. cause:4 exec_start_elapsed_seconds: 673 [CONTEXT service_id=218 ]
09-28 00:00:25.069  5375  9068 W TapAndPay: NfcAdapter is null while obtaining CardEmulation instance. [CONTEXT service_id=79 ]
09-28 00:00:25.069  5375  9068 W TapAndPay: java.lang.NullPointerException: NfcAdapter is null
09-28 00:00:25.069  5375  9068 W TapAndPay: 	at android.nfc.cardemulation.CardEmulation.getInstance(CardEmulation.java:154)
09-28 00:00:25.069  5375  9068 W TapAndPay: 	at bgws.<init>(:com.google.android.gms@221821044@22.18.21 (190400-453244992):0)
09-28 00:00:25.069  5375  9068 W TapAndPay: 	at com.google.android.gms.tapandpay.hce.task.TapAndPayAidRegistrationTaskOperation.a(:com.google.android.gms@221821044@22.18.21 (190400-453244992):5)
09-28 00:00:25.069  5375  9068 W TapAndPay: 	at com.google.android.gms.tapandpay.gcmtask.TapAndPayGcmTaskChimeraService.a(:com.google.android.gms@221821044@22.18.21 (190400-453244992):4)
09-28 00:00:25.069  5375  9068 W TapAndPay: 	at amql.call(:com.google.android.gms@221821044@22.18.21 (190400-453244992):4)
09-28 00:00:25.069  5375  9068 W TapAndPay: 	at java.util.concurrent.FutureTask.run(FutureTask.java:264)
09-28 00:00:25.069  5375  9068 W TapAndPay: 	at wwq.c(:com.google.android.gms@221821044@22.18.21 (190400-453244992):6)
09-28 00:00:25.069  5375  9068 W TapAndPay: 	at wwq.run(:com.google.android.gms@221821044@22.18.21 (190400-453244992):7)
09-28 00:00:25.069  5375  9068 W TapAndPay: 	at java.util.concurrent.ThreadPoolExecutor.runWorker(ThreadPoolExecutor.java:1137)
09-28 00:00:25.069  5375  9068 W TapAndPay: 	at java.util.concurrent.ThreadPoolExecutor$Worker.run(ThreadPoolExecutor.java:637)
09-28 00:00:25.069  5375  9068 W TapAndPay: 	at xbv.run(:com.google.android.gms@221821044@22.18.21 (190400-453244992):0)
09-28 00:00:25.069  5375  9068 W TapAndPay: 	at java.lang.Thread.run(Thread.java:1012)
09-28 00:00:25.086  5375  8952 I NetworkScheduler.Stats: Task com.google.android.gms/com.google.android.gms.tapandpay.gcmtask.TapAndPayGcmTaskService finished executing. cause:4 result: 3 elapsed_millis: 138 uptime_millis: 138 exec_start_elapsed_seconds: 673 [CONTEXT service_id=218 ]
09-28 00:00:25.169  9000  9000 I ViewInteraction: Performing 'single click' action on view view.getId() is <2131230835/com.example.lunchtray:id/bread>
09-28 00:00:25.172  1117  1117 D TaplEvents: TIS / TouchInteractionService.onInputEvent: MotionEvent { action=ACTION_DOWN, actionButton=0, id[0]=0, x[0]=196.0, y[0]=285.5, toolType[0]=TOOL_TYPE_UNKNOWN, buttonState=BUTTON_PRIMARY, classification=NONE, metaState=0, flags=0x0, edgeFlags=0x0, pointerCount=1, historySize=0, eventTime=673870, downTime=673870, deviceId=-1, source=0x1002, displayId=0, eventId=-1067070966 }
09-28 00:00:25.212  1117  1117 D TaplEvents: TIS / TouchInteractionService.onInputEvent: MotionEvent { action=ACTION_UP, actionButton=0, id[0]=0, x[0]=196.0, y[0]=285.5, toolType[0]=TOOL_TYPE_FINGER, buttonState=BUTTON_PRIMARY, classification=NONE, metaState=0, flags=0x0, edgeFlags=0x0, pointerCount=1, historySize=0, eventTime=673911, downTime=673870, deviceId=-1, source=0x1002, displayId=0, eventId=-136767417 }
09-28 00:00:25.240   349   399 W RanchuHwc: presentDisplay display has no layers to compose, flushing client target buffer.
09-28 00:00:25.257   349   399 W RanchuHwc: presentDisplay display has no layers to compose, flushing client target buffer.
09-28 00:00:25.273   349   399 W RanchuHwc: presentDisplay display has no layers to compose, flushing client target buffer.
09-28 00:00:25.290   349   399 W RanchuHwc: presentDisplay display has no layers to compose, flushing client target buffer.
09-28 00:00:25.306   349   399 W RanchuHwc: presentDisplay display has no layers to compose, flushing client target buffer.
09-28 00:00:25.324   349   399 W RanchuHwc: presentDisplay display has no layers to compose, flushing client target buffer.
09-28 00:00:25.340   349   399 W RanchuHwc: presentDisplay display has no layers to compose, flushing client target buffer.
09-28 00:00:25.357   349   399 W RanchuHwc: presentDisplay display has no layers to compose, flushing client target buffer.
09-28 00:00:25.373   349   399 W RanchuHwc: presentDisplay display has no layers to compose, flushing client target buffer.
09-28 00:00:25.390   349   399 W RanchuHwc: presentDisplay display has no layers to compose, flushing client target buffer.
09-28 00:00:25.407   349   399 W RanchuHwc: presentDisplay display has no layers to compose, flushing client target buffer.
09-28 00:00:25.424   349   399 W RanchuHwc: presentDisplay display has no layers to compose, flushing client target buffer.
09-28 00:00:25.441   349   399 W RanchuHwc: presentDisplay display has no layers to compose, flushing client target buffer.
09-28 00:00:25.457   349   399 W RanchuHwc: presentDisplay display has no layers to compose, flushing client target buffer.
09-28 00:00:25.475   349   399 W RanchuHwc: presentDisplay display has no layers to compose, flushing client target buffer.
09-28 00:00:25.478  9000  9000 I ViewInteraction: Performing 'single click' action on view view.getId() is <2131231080/com.example.lunchtray:id/next_button>
09-28 00:00:25.481  1117  1117 D TaplEvents: TIS / TouchInteractionService.onInputEvent: MotionEvent { action=ACTION_DOWN, actionButton=0, id[0]=0, x[0]=798.5, y[0]=1341.5, toolType[0]=TOOL_TYPE_UNKNOWN, buttonState=BUTTON_PRIMARY, classification=NONE, metaState=0, flags=0x0, edgeFlags=0x0, pointerCount=1, historySize=0, eventTime=674179, downTime=674179, deviceId=-1, source=0x1002, displayId=0, eventId=-701522106 }
09-28 00:00:25.508   349   399 W RanchuHwc: presentDisplay display has no layers to compose, flushing client target buffer.
09-28 00:00:25.524   349   399 W RanchuHwc: presentDisplay display has no layers to compose, flushing client target buffer.
09-28 00:00:25.525  1117  1117 D TaplEvents: TIS / TouchInteractionService.onInputEvent: MotionEvent { action=ACTION_UP, actionButton=0, id[0]=0, x[0]=798.5, y[0]=1341.5, toolType[0]=TOOL_TYPE_FINGER, buttonState=BUTTON_PRIMARY, classification=NONE, metaState=0, flags=0x0, edgeFlags=0x0, pointerCount=1, historySize=0, eventTime=674220, downTime=674179, deviceId=-1, source=0x1002, displayId=0, eventId=-861785000 }
09-28 00:00:25.540   349   399 W RanchuHwc: presentDisplay display has no layers to compose, flushing client target buffer.
09-28 00:00:25.557   349   399 W RanchuHwc: presentDisplay display has no layers to compose, flushing client target buffer.
09-28 00:00:25.590   349   399 W RanchuHwc: presentDisplay display has no layers to compose, flushing client target buffer.
09-28 00:00:25.607   349   399 W RanchuHwc: presentDisplay display has no layers to compose, flushing client target buffer.
09-28 00:00:25.624   349   399 W RanchuHwc: presentDisplay display has no layers to compose, flushing client target buffer.
09-28 00:00:25.640   349   399 W RanchuHwc: presentDisplay display has no layers to compose, flushing client target buffer.
09-28 00:00:25.657   349   399 W RanchuHwc: presentDisplay display has no layers to compose, flushing client target buffer.
09-28 00:00:25.674   349   399 W RanchuHwc: presentDisplay display has no layers to compose, flushing client target buffer.
09-28 00:00:25.692   349   399 W RanchuHwc: presentDisplay display has no layers to compose, flushing client target buffer.
09-28 00:00:25.707   349   399 W RanchuHwc: presentDisplay display has no layers to compose, flushing client target buffer.
09-28 00:00:25.811  9000  9000 I ViewInteraction: Performing 'single click' action on view view.getId() is <2131231215/com.example.lunchtray:id/submit_button>
09-28 00:00:25.813  1117  1117 D TaplEvents: TIS / TouchInteractionService.onInputEvent: MotionEvent { action=ACTION_DOWN, actionButton=0, id[0]=0, x[0]=539.5, y[0]=919.5, toolType[0]=TOOL_TYPE_UNKNOWN, buttonState=BUTTON_PRIMARY, classification=NONE, metaState=0, flags=0x0, edgeFlags=0x0, pointerCount=1, historySize=0, eventTime=674511, downTime=674511, deviceId=-1, source=0x1002, displayId=0, eventId=-588580954 }
09-28 00:00:25.852  1117  1117 D TaplEvents: TIS / TouchInteractionService.onInputEvent: MotionEvent { action=ACTION_UP, actionButton=0, id[0]=0, x[0]=539.5, y[0]=919.5, toolType[0]=TOOL_TYPE_FINGER, buttonState=BUTTON_PRIMARY, classification=NONE, metaState=0, flags=0x0, edgeFlags=0x0, pointerCount=1, historySize=0, eventTime=674551, downTime=674511, deviceId=-1, source=0x1002, displayId=0, eventId=-734537253 }
09-28 00:00:25.874   349   399 W RanchuHwc: presentDisplay display has no layers to compose, flushing client target buffer.
09-28 00:00:25.884  9000  9023 D EGL_emulation: app_time_stats: avg=24.29ms min=3.06ms max=196.82ms count=37
09-28 00:00:25.891   349   399 W RanchuHwc: presentDisplay display has no layers to compose, flushing client target buffer.
09-28 00:00:25.909   349   399 W RanchuHwc: presentDisplay display has no layers to compose, flushing client target buffer.
09-28 00:00:25.924   349   399 W RanchuHwc: presentDisplay display has no layers to compose, flushing client target buffer.
09-28 00:00:25.943   349   399 W RanchuHwc: presentDisplay display has no layers to compose, flushing client target buffer.
09-28 00:00:25.957   349   399 W RanchuHwc: presentDisplay display has no layers to compose, flushing client target buffer.
09-28 00:00:25.991   349   399 W RanchuHwc: presentDisplay display has no layers to compose, flushing client target buffer.
09-28 00:00:26.006   349   399 W RanchuHwc: presentDisplay display has no layers to compose, flushing client target buffer.
09-28 00:00:26.024   349   399 W RanchuHwc: presentDisplay display has no layers to compose, flushing client target buffer.
09-28 00:00:26.040   349   399 W RanchuHwc: presentDisplay display has no layers to compose, flushing client target buffer.
09-28 00:00:26.057   349   399 W RanchuHwc: presentDisplay display has no layers to compose, flushing client target buffer.
09-28 00:00:26.074   349   399 W RanchuHwc: presentDisplay display has no layers to compose, flushing client target buffer.
09-28 00:00:26.090   349   399 W RanchuHwc: presentDisplay display has no layers to compose, flushing client target buffer.
09-28 00:00:26.107   349   399 W RanchuHwc: presentDisplay display has no layers to compose, flushing client target buffer.
09-28 00:00:26.149  9000  9000 I ViewInteraction: Checking 'MatchesViewAssertion{viewMatcher=(view has effective visibility <VISIBLE> and view.getGlobalVisibleRect() to return non-empty rectangle)}' assertion on view an instance of android.widget.TextView and view.getText() with or without transformation to match: a string containing "Order Submitted!"
09-28 00:00:26.152  9000  9021 I TestRunner: finished: order_snackbar(com.example.lunchtray.OrderFunctionalityTests)
