09-28 00:00:13.034  9000  9021 I TestRunner: started: order_reset_after_cancel_from_accompaniment_menu(com.example.lunchtray.OrderFunctionalityTests)
09-28 00:00:13.040   349   399 W RanchuHwc: presentDisplay display has no layers to compose, flushing client target buffer.
09-28 00:00:13.047  9000  9021 W Settings: Setting always_finish_activities has moved from android.provider.Settings.System to android.provider.Settings.Global, returning read-only value.
09-28 00:00:13.057   349   399 W RanchuHwc: presentDisplay display has no layers to compose, flushing client target buffer.
09-28 00:00:13.068   720   992 D SplashScreenView: Build android.window.SplashScreenView{3d5c4e7 V.E...... ......ID 0,0-0,0}
09-28 00:00:13.068   720   992 D SplashScreenView: Icon: view: null drawable: null size: 0
09-28 00:00:13.068   720   992 D SplashScreenView: Branding: view: android.view.View{5ad6894 G.ED..... ......I. 0,0-0,0 #10204d9 android:id/splashscreen_branding_view} drawable: null size w: 0 h: 0
09-28 00:00:13.076   349   399 W RanchuHwc: presentDisplay display has no layers to compose, flushing client target buffer.
09-28 00:00:13.091   349   399 W RanchuHwc: presentDisplay display has no layers to compose, flushing client target buffer.
09-28 00:00:13.105   405   405 I BpBinder: onLastStrongRef automatically unlinking death recipients: <uncached descriptor>
09-28 00:00:13.108   349   399 W RanchuHwc: presentDisplay display has no layers to compose, flushing client target buffer.
09-28 00:00:13.121  9000  9000 D LifecycleMonitor: Lifecycle status change: androidx.test.core.app.InstrumentationActivityInvoker$BootstrapActivity@bc00c2a in: PRE_ON_CREATE
09-28 00:00:13.125  9000  9000 V ActivityScenario: Activity lifecycle changed event received but ignored because the intent does not match. startActivityIntent=Intent { act=android.intent.action.MAIN cat=[android.intent.category.LAUNCHER] cmp=com.example.lunchtray/androidx.fragment.app.testing.FragmentScenario$EmptyFragmentActivity (has extras) }, activity.getIntent()=Intent { act=android.intent.action.MAIN cat=[android.intent.category.LAUNCHER] flg=0x10008000 cmp=com.example.lunchtray/androidx.test.core.app.InstrumentationActivityInvoker$BootstrapActivity (has extras) }, activity=androidx.test.core.app.InstrumentationActivityInvoker$BootstrapActivity@bc00c2a
09-28 00:00:13.126  9000  9000 V ActivityScenario: Activity lifecycle changed event received but ignored because the intent does not match. startActivityIntent=Intent { act=android.intent.action.MAIN cat=[android.intent.category.LAUNCHER] cmp=com.example.lunchtray/.MainActivity }, activity.getIntent()=Intent { act=android.intent.action.MAIN cat=[android.intent.category.LAUNCHER] flg=0x10008000 cmp=com.example.lunchtray/androidx.test.core.app.InstrumentationActivityInvoker$BootstrapActivity (has extras) }, activity=androidx.test.core.app.InstrumentationActivityInvoker$BootstrapActivity@bc00c2a
09-28 00:00:13.138   343   476 D goldfish-address-space: claimShared: Ask to claim region [0x1e8f04000 0x1e982c000]
09-28 00:00:13.143   349   399 W RanchuHwc: presentDisplay display has no layers to compose, flushing client target buffer.
09-28 00:00:13.158   349   399 W RanchuHwc: presentDisplay display has no layers to compose, flushing client target buffer.
09-28 00:00:13.168  9000  9000 D LifecycleMonitor: Lifecycle status change: androidx.test.core.app.InstrumentationActivityInvoker$BootstrapActivity@bc00c2a in: CREATED
09-28 00:00:13.175   349   399 W RanchuHwc: presentDisplay display has no layers to compose, flushing client target buffer.
09-28 00:00:13.177  9000  9000 V ActivityScenario: Activity lifecycle changed event received but ignored because the intent does not match. startActivityIntent=Intent { act=android.intent.action.MAIN cat=[android.intent.category.LAUNCHER] cmp=com.example.lunchtray/androidx.fragment.app.testing.FragmentScenario$EmptyFragmentActivity (has extras) }, activity.getIntent()=Intent { act=android.intent.action.MAIN cat=[android.intent.category.LAUNCHER] flg=0x10008000 cmp=com.example.lunchtray/androidx.test.core.app.InstrumentationActivityInvoker$BootstrapActivity (has extras) }, activity=androidx.test.core.app.InstrumentationActivityInvoker$BootstrapActivity@bc00c2a
09-28 00:00:13.178  9000  9000 V ActivityScenario: Activity lifecycle changed event received but ignored because the intent does not match. startActivityIntent=Intent { act=android.intent.action.MAIN cat=[android.intent.category.LAUNCHER] cmp=com.example.lunchtray/.MainActivity }, activity.getIntent()=Intent { act=android.intent.action.MAIN cat=[android.intent.category.LAUNCHER] flg=0x10008000 cmp=com.example.lunchtray/androidx.test.core.app.InstrumentationActivityInvoker$BootstrapActivity (has extras) }, activity=androidx.test.core.app.InstrumentationActivityInvoker$BootstrapActivity@bc00c2a
09-28 00:00:13.178   343   476 D goldfish-address-space: claimShared: Ask to claim region [0x1e982c000 0x1ea154000]
09-28 00:00:13.180  9000  9000 D LifecycleMonitor: Lifecycle status change: androidx.test.core.app.InstrumentationActivityInvoker$BootstrapActivity@bc00c2a in: STARTED
09-28 00:00:13.182  9000  9000 V ActivityScenario: Activity lifecycle changed event received but ignored because the intent does not match. startActivityIntent=Intent { act=android.intent.action.MAIN cat=[android.intent.category.LAUNCHER] cmp=com.example.lunchtray/androidx.fragment.app.testing.FragmentScenario$EmptyFragmentActivity (has extras) }, activity.getIntent()=Intent { act=android.intent.action.MAIN cat=[android.intent.category.LAUNCHER] flg=0x10008000 cmp=com.example.lunchtray/androidx.test.core.app.InstrumentationActivityInvoker$BootstrapActivity (has extras) }, activity=androidx.test.core.app.InstrumentationActivityInvoker$BootstrapActivity@bc00c2a
09-28 00:00:13.183   720   993 W Parcel  : Expecting binder but got null!
09-28 00:00:13.184  9000  9000 V ActivityScenario: Activity lifecycle changed event received but ignored because the intent does not match. startActivityIntent=Intent { act=android.intent.action.MAIN cat=[android.intent.category.LAUNCHER] cmp=com.example.lunchtray/.MainActivity }, activity.getIntent()=Intent { act=android.intent.action.MAIN cat=[android.intent.category.LAUNCHER] flg=0x10008000 cmp=com.example.lunchtray/androidx.test.core.app.InstrumentationActivityInvoker$BootstrapActivity (has extras) }, activity=androidx.test.core.app.InstrumentationActivityInvoker$BootstrapActivity@bc00c2a
09-28 00:00:13.191   349   399 W RanchuHwc: presentDisplay display has no layers to compose, flushing client target buffer.
09-28 00:00:13.199  1424  1424 I GsaVoiceInteractionSrv: Handling ACTION_STOP_HOTWORD
09-28 00:00:13.207   349   399 W RanchuHwc: presentDisplay display has no layers to compose, flushing client target buffer.
09-28 00:00:13.212  1424  2132 E HwDetectorWithState: a: 3
09-28 00:00:13.218   343   476 D goldfish-address-space: claimShared: Ask to claim region [0x1ea154000 0x1eaa7c000]
09-28 00:00:13.223   349   399 W RanchuHwc: presentDisplay display has no layers to compose, flushing client target buffer.
09-28 00:00:13.235  9000  9000 D LifecycleMonitor: Lifecycle status change: androidx.test.core.app.InstrumentationActivityInvoker$BootstrapActivity@bc00c2a in: RESUMED
09-28 00:00:13.236  9000  9000 V ActivityScenario: Activity lifecycle changed event received but ignored because the intent does not match. startActivityIntent=Intent { act=android.intent.action.MAIN cat=[android.intent.category.LAUNCHER] cmp=com.example.lunchtray/androidx.fragment.app.testing.FragmentScenario$EmptyFragmentActivity (has extras) }, activity.getIntent()=Intent { act=android.intent.action.MAIN cat=[android.intent.category.LAUNCHER] flg=0x10008000 cmp=com.example.lunchtray/androidx.test.core.app.InstrumentationActivityInvoker$BootstrapActivity (has extras) }, activity=androidx.test.core.app.InstrumentationActivityInvoker$BootstrapActivity@bc00c2a
09-28 00:00:13.237  9000  9000 V ActivityScenario: Activity lifecycle changed event received but ignored because the intent does not match. startActivityIntent=Intent { act=android.intent.action.MAIN cat=[android.intent.category.LAUNCHER] cmp=com.example.lunchtray/.MainActivity }, activity.getIntent()=Intent { act=android.intent.action.MAIN cat=[android.intent.category.LAUNCHER] flg=0x10008000 cmp=com.example.lunchtray/androidx.test.core.app.InstrumentationActivityInvoker$BootstrapActivity (has extras) }, activity=androidx.test.core.app.InstrumentationActivityInvoker$BootstrapActivity@bc00c2a
09-28 00:00:13.241   349   399 W RanchuHwc: presentDisplay display has no layers to compose, flushing client target buffer.
09-28 00:00:13.245  9000  9000 D LifecycleMonitor: Lifecycle status change: androidx.test.core.app.InstrumentationActivityInvoker$BootstrapActivity@bc00c2a in: PAUSED
09-28 00:00:13.245  9000  9000 V ActivityScenario: Activity lifecycle changed event received but ignored because the intent does not match. startActivityIntent=Intent { act=android.intent.action.MAIN cat=[android.intent.category.LAUNCHER] cmp=com.example.lunchtray/androidx.fragment.app.testing.FragmentScenario$EmptyFragmentActivity (has extras) }, activity.getIntent()=Intent { act=android.intent.action.MAIN cat=[android.intent.category.LAUNCHER] flg=0x10008000 cmp=com.example.lunchtray/androidx.test.core.app.InstrumentationActivityInvoker$BootstrapActivity (has extras) }, activity=androidx.test.core.app.InstrumentationActivityInvoker$BootstrapActivity@bc00c2a
09-28 00:00:13.247  9000  9000 V ActivityScenario: Activity lifecycle changed event received but ignored because the intent does not match. startActivityIntent=Intent { act=android.intent.action.MAIN cat=[android.intent.category.LAUNCHER] cmp=com.example.lunchtray/.MainActivity }, activity.getIntent()=Intent { act=android.intent.action.MAIN cat=[android.intent.category.LAUNCHER] flg=0x10008000 cmp=com.example.lunchtray/androidx.test.core.app.InstrumentationActivityInvoker$BootstrapActivity (has extras) }, activity=androidx.test.core.app.InstrumentationActivityInvoker$BootstrapActivity@bc00c2a
09-28 00:00:13.257   349   399 W RanchuHwc: presentDisplay display has no layers to compose, flushing client target buffer.
09-28 00:00:13.274   349   399 W RanchuHwc: presentDisplay display has no layers to compose, flushing client target buffer.
09-28 00:00:13.290   349   399 W RanchuHwc: presentDisplay display has no layers to compose, flushing client target buffer.
09-28 00:00:13.307   349   399 W RanchuHwc: presentDisplay display has no layers to compose, flushing client target buffer.
09-28 00:00:13.314  9000  9000 D LifecycleMonitor: Lifecycle status change: com.example.lunchtray.MainActivity@7e0efc in: PRE_ON_CREATE
09-28 00:00:13.315  9000  9000 V ActivityScenario: Activity lifecycle changed event received but ignored because the intent does not match. startActivityIntent=Intent { act=android.intent.action.MAIN cat=[android.intent.category.LAUNCHER] cmp=com.example.lunchtray/androidx.fragment.app.testing.FragmentScenario$EmptyFragmentActivity (has extras) }, activity.getIntent()=Intent { act=android.intent.action.MAIN cat=[android.intent.category.LAUNCHER] cmp=com.example.lunchtray/.MainActivity }, activity=com.example.lunchtray.MainActivity@7e0efc
09-28 00:00:13.315  9000  9000 V ActivityScenario: Activity lifecycle changed event received but ignored because the reported transition was not ON_CREATE while the last known transition was PRE_ON_CREATE
09-28 00:00:13.329   349   399 W RanchuHwc: presentDisplay display has no layers to compose, flushing client target buffer.
09-28 00:00:13.344   349   399 W RanchuHwc: presentDisplay display has no layers to compose, flushing client target buffer.
09-28 00:00:13.360   349   399 W RanchuHwc: presentDisplay display has no layers to compose, flushing client target buffer.
09-28 00:00:13.363   327   375 E android.hardware.audio@7.0-impl.ranchu: device/generic/goldfish/audio/stream_out.cpp:updateSourceMetadata:378 failure: Result::NOT_SUPPORTED
09-28 00:00:13.375   349   399 W RanchuHwc: presentDisplay display has no layers to compose, flushing client target buffer.
09-28 00:00:13.376   405   451 W TransactionTracing: Could not find layer handle 0xb400007b5eefbd10
09-28 00:00:13.391   349   399 W RanchuHwc: presentDisplay display has no layers to compose, flushing client target buffer.
09-28 00:00:13.409   349   399 W RanchuHwc: presentDisplay display has no layers to compose, flushing client target buffer.
09-28 00:00:13.427   349   399 W RanchuHwc: presentDisplay display has no layers to compose, flushing client target buffer.
09-28 00:00:13.441   349   399 W RanchuHwc: presentDisplay display has no layers to compose, flushing client target buffer.
09-28 00:00:13.457   349   399 W RanchuHwc: presentDisplay display has no layers to compose, flushing client target buffer.
09-28 00:00:13.463  9000  9000 W ample.lunchtray: Accessing hidden method Landroid/view/View;->computeFitSystemWindows(Landroid/graphics/Rect;Landroid/graphics/Rect;)Z (unsupported, reflection, allowed)
09-28 00:00:13.465  9000  9000 W ample.lunchtray: Accessing hidden method Landroid/view/ViewGroup;->makeOptionalFitsSystemWindows()V (unsupported, reflection, allowed)
09-28 00:00:13.473   349   399 W RanchuHwc: presentDisplay display has no layers to compose, flushing client target buffer.
09-28 00:00:13.491   349   399 W RanchuHwc: presentDisplay display has no layers to compose, flushing client target buffer.
09-28 00:00:13.507   349   399 W RanchuHwc: presentDisplay display has no layers to compose, flushing client target buffer.
09-28 00:00:13.524   349   399 W RanchuHwc: presentDisplay display has no layers to compose, flushing client target buffer.
09-28 00:00:13.543   349   399 W RanchuHwc: presentDisplay display has no layers to compose, flushing client target buffer.
09-28 00:00:13.549   405   451 W TransactionTracing: Could not find layer id -1
09-28 00:00:13.556   405   451 W TransactionTracing: Could not find layer id -1
09-28 00:00:13.561   349   399 W RanchuHwc: presentDisplay display has no layers to compose, flushing client target buffer.
09-28 00:00:13.562   405   451 W TransactionTracing: Could not find layer handle 0xb400007b5eef3790
09-28 00:00:13.579   349   399 W RanchuHwc: presentDisplay display has no layers to compose, flushing client target buffer.
09-28 00:00:13.581   405   451 W TransactionTracing: Could not find layer id -1
09-28 00:00:13.590   349   399 W RanchuHwc: presentDisplay display has no layers to compose, flushing client target buffer.
09-28 00:00:13.608   349   399 W RanchuHwc: presentDisplay display has no layers to compose, flushing client target buffer.
09-28 00:00:13.624   349   399 W RanchuHwc: presentDisplay display has no layers to compose, flushing client target buffer.
09-28 00:00:13.641   349   399 W RanchuHwc: presentDisplay display has no layers to compose, flushing client target buffer.
09-28 00:00:13.658   349   399 W RanchuHwc: presentDisplay display has no layers to compose, flushing client target buffer.
09-28 00:00:13.674   349   399 W RanchuHwc: presentDisplay display has no layers to compose, flushing client target buffer.
09-28 00:00:13.681  9000  9000 D LifecycleMonitor: Lifecycle status change: com.example.lunchtray.MainActivity@7e0efc in: CREATED
09-28 00:00:13.682  9000  9000 V ActivityScenario: Activity lifecycle changed event received but ignored because the intent does not match. startActivityIntent=Intent { act=android.intent.action.MAIN cat=[android.intent.category.LAUNCHER] cmp=com.example.lunchtray/androidx.fragment.app.testing.FragmentScenario$EmptyFragmentActivity (has extras) }, activity.getIntent()=Intent { act=android.intent.action.MAIN cat=[android.intent.category.LAUNCHER] cmp=com.example.lunchtray/.MainActivity }, activity=com.example.lunchtray.MainActivity@7e0efc
09-28 00:00:13.682  9000  9000 V ActivityScenario: Update currentActivityStage to CREATED, currentActivity=com.example.lunchtray.MainActivity@7e0efc
09-28 00:00:13.690   349   399 W RanchuHwc: presentDisplay display has no layers to compose, flushing client target buffer.
09-28 00:00:13.704  9000  9000 D LifecycleMonitor: Lifecycle status change: com.example.lunchtray.MainActivity@7e0efc in: STARTED
09-28 00:00:13.706   349   399 W RanchuHwc: presentDisplay display has no layers to compose, flushing client target buffer.
09-28 00:00:13.711  9000  9000 V ActivityScenario: Activity lifecycle changed event received but ignored because the intent does not match. startActivityIntent=Intent { act=android.intent.action.MAIN cat=[android.intent.category.LAUNCHER] cmp=com.example.lunchtray/androidx.fragment.app.testing.FragmentScenario$EmptyFragmentActivity (has extras) }, activity.getIntent()=Intent { act=android.intent.action.MAIN cat=[android.intent.category.LAUNCHER] cmp=com.example.lunchtray/.MainActivity }, activity=com.example.lunchtray.MainActivity@7e0efc
09-28 00:00:13.711  9000  9000 V ActivityScenario: Update currentActivityStage to STARTED, currentActivity=com.example.lunchtray.MainActivity@7e0efc
09-28 00:00:13.713  9000  9000 D LifecycleMonitor: Lifecycle status change: com.example.lunchtray.MainActivity@7e0efc in: RESUMED
09-28 00:00:13.714  9000  9000 V ActivityScenario: Activity lifecycle changed event received but ignored because the intent does not match. startActivityIntent=Intent { act=android.intent.action.MAIN cat=[android.intent.category.LAUNCHER] cmp=com.example.lunchtray/androidx.fragment.app.testing.FragmentScenario$EmptyFragmentActivity (has extras) }, activity.getIntent()=Intent { act=android.intent.action.MAIN cat=[android.intent.category.LAUNCHER] cmp=com.example.lunchtray/.MainActivity }, activity=com.example.lunchtray.MainActivity@7e0efc
09-28 00:00:13.715  9000  9000 V ActivityScenario: Update currentActivityStage to RESUMED, currentActivity=com.example.lunchtray.MainActivity@7e0efc
09-28 00:00:13.724   349   399 W RanchuHwc: presentDisplay display has no layers to compose, flushing client target buffer.
09-28 00:00:13.740   349   399 W RanchuHwc: presentDisplay display has no layers to compose, flushing client target buffer.
09-28 00:00:13.746   720   993 D EGL_emulation: app_time_stats: avg=145.19ms min=3.20ms max=933.37ms count=7
09-28 00:00:13.749   343   476 D goldfish-address-space: claimShared: Ask to claim region [0x1e85dc000 0x1e8f04000]
09-28 00:00:13.754   343   476 D goldfish-address-space: claimShared: Ask to claim region [0x1eaa7c000 0x1eb3a4000]
09-28 00:00:13.758   349   399 W RanchuHwc: presentDisplay display has no layers to compose, flushing client target buffer.
09-28 00:00:13.758   405   451 W TransactionTracing: Could not find layer handle 0xb400007b5eefc130
09-28 00:00:13.758   405   451 W TransactionTracing: Could not find layer handle 0xb400007b5eefad50
09-28 00:00:13.758   405   451 W TransactionTracing: Could not find layer id -1
09-28 00:00:13.758   405   451 W TransactionTracing: Could not find layer id -1
09-28 00:00:13.762   343   476 D goldfish-address-space: claimShared: Ask to claim region [0x1ee0dc000 0x1eea04000]
09-28 00:00:13.771  9000  9023 W Parcel  : Expecting binder but got null!
09-28 00:00:13.774   349   399 W RanchuHwc: presentDisplay display has no layers to compose, flushing client target buffer.
09-28 00:00:13.784   540   559 W ziparchive: Unable to open '/data/app/~~WctrPiEK5h_mnEHIz_SK_g==/com.example.lunchtray-0NL8T62PrBKPox87qHqkcA==/base.dm': No such file or directory
09-28 00:00:13.786   540   559 I ActivityTaskManager: Displayed com.example.lunchtray/.MainActivity: +731ms
09-28 00:00:13.791   349   399 W RanchuHwc: presentDisplay display has no layers to compose, flushing client target buffer.
09-28 00:00:13.808   349   399 W RanchuHwc: presentDisplay display has no layers to compose, flushing client target buffer.
09-28 00:00:13.819   720   993 D EGL_emulation: app_time_stats: avg=9.72ms min=1.53ms max=78.21ms count=54
09-28 00:00:13.825   349   399 W RanchuHwc: presentDisplay display has no layers to compose, flushing client target buffer.
09-28 00:00:13.842   349   399 W RanchuHwc: presentDisplay display has no layers to compose, flushing client target buffer.
09-28 00:00:13.858   349   399 W RanchuHwc: presentDisplay display has no layers to compose, flushing client target buffer.
09-28 00:00:13.875   349   399 W RanchuHwc: presentDisplay display has no layers to compose, flushing client target buffer.
09-28 00:00:13.891   349   399 W RanchuHwc: presentDisplay display has no layers to compose, flushing client target buffer.
09-28 00:00:13.902  1343  1343 I GoogleInputMethodService: GoogleInputMethodService.onFinishInput():3204
09-28 00:00:13.904  1343  1343 I GoogleInputMethodService: GoogleInputMethodService.updateDeviceLockedStatus():2100 checkRepeatedly = false, unlocked = true
09-28 00:00:13.904  1343  1343 I GoogleInputMethodService: GoogleInputMethodService.onStartInput():1903 onStartInput(EditorInfo{inputType=0x0(NULL) imeOptions=0x0 privateImeOptions=null actionName=UNSPECIFIED actionLabel=null actionId=0 initialSelStart=-1 initialSelEnd=-1 initialCapsMode=0x0 hintText=null label=null packageName=com.example.lunchtray fieldId=-1 fieldName=null extras=null}, false)
09-28 00:00:13.908   349   399 W RanchuHwc: presentDisplay display has no layers to compose, flushing client target buffer.
09-28 00:00:13.910  1343  1343 I GoogleInputMethodService: GoogleInputMethodService.updateDeviceLockedStatus():2100 checkRepeatedly = true, unlocked = true
09-28 00:00:13.925   349   399 W RanchuHwc: presentDisplay display has no layers to compose, flushing client target buffer.
09-28 00:00:13.926   405   451 W TransactionTracing: Could not find layer handle 0xb400007b5eefaff0
09-28 00:00:13.942   349   399 W RanchuHwc: presentDisplay display has no layers to compose, flushing client target buffer.
09-28 00:00:13.942   405   451 W TransactionTracing: Could not find layer id -1
09-28 00:00:13.959   349   399 W RanchuHwc: presentDisplay display has no layers to compose, flushing client target buffer.
09-28 00:00:13.974   349   399 W RanchuHwc: presentDisplay display has no layers to compose, flushing client target buffer.
09-28 00:00:13.980  9000  9000 D LifecycleMonitor: Lifecycle status change: androidx.test.core.app.InstrumentationActivityInvoker$BootstrapActivity@bc00c2a in: STOPPED
09-28 00:00:13.982  9000  9000 V ActivityScenario: Activity lifecycle changed event received but ignored because the intent does not match. startActivityIntent=Intent { act=android.intent.action.MAIN cat=[android.intent.category.LAUNCHER] cmp=com.example.lunchtray/androidx.fragment.app.testing.FragmentScenario$EmptyFragmentActivity (has extras) }, activity.getIntent()=Intent { act=android.intent.action.MAIN cat=[android.intent.category.LAUNCHER] flg=0x10008000 cmp=com.example.lunchtray/androidx.test.core.app.InstrumentationActivityInvoker$BootstrapActivity (has extras) }, activity=androidx.test.core.app.InstrumentationActivityInvoker$BootstrapActivity@bc00c2a
09-28 00:00:13.983  9000  9000 V ActivityScenario: Activity lifecycle changed event received but ignored because the intent does not match. startActivityIntent=Intent { act=android.intent.action.MAIN cat=[android.intent.category.LAUNCHER] cmp=com.example.lunchtray/.MainActivity }, activity.getIntent()=Intent { act=android.intent.action.MAIN cat=[android.intent.category.LAUNCHER] flg=0x10008000 cmp=com.example.lunchtray/androidx.test.core.app.InstrumentationActivityInvoker$BootstrapActivity (has extras) }, activity=androidx.test.core.app.InstrumentationActivityInvoker$BootstrapActivity@bc00c2a
09-28 00:00:13.991   349   399 W RanchuHwc: presentDisplay display has no layers to compose, flushing client target buffer.
09-28 00:00:14.005   405   405 W SurfaceFlinger: couldn't log to binary event log: overflow.
09-28 00:00:14.007   349   399 W RanchuHwc: presentDisplay display has no layers to compose, flushing client target buffer.
09-28 00:00:14.009   405   451 W TransactionTracing: Could not find layer handle 0xb400007b5eef9e50
09-28 00:00:14.011  9000  9000 I ViewInteraction: Performing 'single click' action on view view.getId() is <2131231207/com.example.lunchtray:id/start_order_btn>
09-28 00:00:14.017  1117  1117 D TaplEvents: TIS / TouchInteractionService.onInputEvent: MotionEvent { action=ACTION_DOWN, actionButton=0, id[0]=0, x[0]=540.0, y[0]=1197.5, toolType[0]=TOOL_TYPE_UNKNOWN, buttonState=BUTTON_PRIMARY, classification=NONE, metaState=0, flags=0x0, edgeFlags=0x0, pointerCount=1, historySize=0, eventTime=662715, downTime=662715, deviceId=-1, source=0x1002, displayId=0, eventId=-17383658 }
09-28 00:00:14.019  9000  9000 D AutofillManager: Fill dialog is enabled:false, hints=[]
09-28 00:00:14.024   349   399 W RanchuHwc: presentDisplay display has no layers to compose, flushing client target buffer.
09-28 00:00:14.040   349   399 W RanchuHwc: presentDisplay display has no layers to compose, flushing client target buffer.
09-28 00:00:14.061  1117  1117 D TaplEvents: TIS / TouchInteractionService.onInputEvent: MotionEvent { action=ACTION_UP, actionButton=0, id[0]=0, x[0]=540.0, y[0]=1197.5, toolType[0]=TOOL_TYPE_FINGER, buttonState=BUTTON_PRIMARY, classification=NONE, metaState=0, flags=0x0, edgeFlags=0x0, pointerCount=1, historySize=0, eventTime=662760, downTime=662715, deviceId=-1, source=0x1002, displayId=0, eventId=-134485301 }
09-28 00:00:14.081   349   399 W RanchuHwc: presentDisplay display has no layers to compose, flushing client target buffer.
09-28 00:00:14.091   349   399 W RanchuHwc: presentDisplay display has no layers to compose, flushing client target buffer.
09-28 00:00:14.093   327   375 E android.hardware.audio@7.0-impl.ranchu: device/generic/goldfish/audio/stream_out.cpp:updateSourceMetadata:378 failure: Result::NOT_SUPPORTED
09-28 00:00:14.108   349   399 W RanchuHwc: presentDisplay display has no layers to compose, flushing client target buffer.
09-28 00:00:14.112   540  1129 W InputManager-JNI: Input channel object '1c6f873 Splash Screen com.example.lunchtray (client)' was disposed without first being removed with the input manager!
09-28 00:00:14.125   349   399 W RanchuHwc: presentDisplay display has no layers to compose, flushing client target buffer.
09-28 00:00:14.143   349   399 W RanchuHwc: presentDisplay display has no layers to compose, flushing client target buffer.
09-28 00:00:14.145   405   451 W TransactionTracing: Could not find layer id -1
09-28 00:00:14.158   349   399 W RanchuHwc: presentDisplay display has no layers to compose, flushing client target buffer.
09-28 00:00:14.177   349   399 W RanchuHwc: presentDisplay display has no layers to compose, flushing client target buffer.
09-28 00:00:14.191   349   399 W RanchuHwc: presentDisplay display has no layers to compose, flushing client target buffer.
09-28 00:00:14.208   349   399 W RanchuHwc: presentDisplay display has no layers to compose, flushing client target buffer.
09-28 00:00:14.224   349   399 W RanchuHwc: presentDisplay display has no layers to compose, flushing client target buffer.
09-28 00:00:14.241   349   399 W RanchuHwc: presentDisplay display has no layers to compose, flushing client target buffer.
09-28 00:00:14.257   349   399 W RanchuHwc: presentDisplay display has no layers to compose, flushing client target buffer.
09-28 00:00:14.274   349   399 W RanchuHwc: presentDisplay display has no layers to compose, flushing client target buffer.
09-28 00:00:14.291   349   399 W RanchuHwc: presentDisplay display has no layers to compose, flushing client target buffer.
09-28 00:00:14.291   405   451 W TransactionTracing: Could not find layer handle 0xb400007b5eefac30
09-28 00:00:14.291   405   451 W TransactionTracing: Could not find layer handle 0xb400007b5eefa4b0
09-28 00:00:14.291   405   451 W TransactionTracing: Could not find layer handle 0xb400007b5eef6e50
09-28 00:00:14.291   405   451 W TransactionTracing: Could not find layer handle 0xb400007b5eef6e50
09-28 00:00:14.291   405   451 W TransactionTracing: Could not find layer handle 0xb400007b5eefa4b0
09-28 00:00:14.307   349   399 W RanchuHwc: presentDisplay display has no layers to compose, flushing client target buffer.
09-28 00:00:14.323   349   399 W RanchuHwc: presentDisplay display has no layers to compose, flushing client target buffer.
09-28 00:00:14.345   349   399 W RanchuHwc: presentDisplay display has no layers to compose, flushing client target buffer.
09-28 00:00:14.358   349   399 W RanchuHwc: presentDisplay display has no layers to compose, flushing client target buffer.
09-28 00:00:14.364   405   451 W TransactionTracing: Could not find layer id -1
09-28 00:00:14.366   405   451 W TransactionTracing: Could not find layer id -1
09-28 00:00:14.366   405   451 W TransactionTracing: Could not find layer id -1
09-28 00:00:14.366   405   451 W TransactionTracing: Could not find layer id -1
09-28 00:00:14.367   405   451 W TransactionTracing: Could not find layer id -1
09-28 00:00:14.375   349   399 W RanchuHwc: presentDisplay display has no layers to compose, flushing client target buffer.
09-28 00:00:14.394   349   399 W RanchuHwc: presentDisplay display has no layers to compose, flushing client target buffer.
09-28 00:00:14.408   349   399 W RanchuHwc: presentDisplay display has no layers to compose, flushing client target buffer.
09-28 00:00:14.424   349   399 W RanchuHwc: presentDisplay display has no layers to compose, flushing client target buffer.
09-28 00:00:14.441   349   399 W RanchuHwc: presentDisplay display has no layers to compose, flushing client target buffer.
09-28 00:00:14.457   349   399 W RanchuHwc: presentDisplay display has no layers to compose, flushing client target buffer.
09-28 00:00:14.477   349   399 W RanchuHwc: presentDisplay display has no layers to compose, flushing client target buffer.
09-28 00:00:14.490   349   399 W RanchuHwc: presentDisplay display has no layers to compose, flushing client target buffer.
09-28 00:00:14.507   349   399 W RanchuHwc: presentDisplay display has no layers to compose, flushing client target buffer.
09-28 00:00:14.523   349   399 W RanchuHwc: presentDisplay display has no layers to compose, flushing client target buffer.
09-28 00:00:14.541   349   399 W RanchuHwc: presentDisplay display has no layers to compose, flushing client target buffer.
09-28 00:00:14.551  9000  9000 I ViewInteraction: Performing 'single click' action on view view.getId() is <2131230844/com.example.lunchtray:id/cauliflower>
09-28 00:00:14.557   349   399 W RanchuHwc: presentDisplay display has no layers to compose, flushing client target buffer.
09-28 00:00:14.559  1117  1117 D TaplEvents: TIS / TouchInteractionService.onInputEvent: MotionEvent { action=ACTION_DOWN, actionButton=0, id[0]=0, x[0]=206.0, y[0]=285.5, toolType[0]=TOOL_TYPE_UNKNOWN, buttonState=BUTTON_PRIMARY, classification=NONE, metaState=0, flags=0x0, edgeFlags=0x0, pointerCount=1, historySize=0, eventTime=663252, downTime=663252, deviceId=-1, source=0x1002, displayId=0, eventId=-990247344 }
09-28 00:00:14.574   349   399 W RanchuHwc: presentDisplay display has no layers to compose, flushing client target buffer.
09-28 00:00:14.590   349   399 W RanchuHwc: presentDisplay display has no layers to compose, flushing client target buffer.
09-28 00:00:14.600  1117  1117 D TaplEvents: TIS / TouchInteractionService.onInputEvent: MotionEvent { action=ACTION_UP, actionButton=0, id[0]=0, x[0]=206.0, y[0]=285.5, toolType[0]=TOOL_TYPE_FINGER, buttonState=BUTTON_PRIMARY, classification=NONE, metaState=0, flags=0x0, edgeFlags=0x0, pointerCount=1, historySize=0, eventTime=663296, downTime=663252, deviceId=-1, source=0x1002, displayId=0, eventId=-974299392 }
09-28 00:00:14.615   349   399 W RanchuHwc: presentDisplay display has no layers to compose, flushing client target buffer.
09-28 00:00:14.651   349   399 W RanchuHwc: presentDisplay display has no layers to compose, flushing client target buffer.
09-28 00:00:14.676   349   399 W RanchuHwc: presentDisplay display has no layers to compose, flushing client target buffer.
09-28 00:00:14.694   349   399 W RanchuHwc: presentDisplay display has no layers to compose, flushing client target buffer.
09-28 00:00:14.710   349   399 W RanchuHwc: presentDisplay display has no layers to compose, flushing client target buffer.
09-28 00:00:14.724   349   399 W RanchuHwc: presentDisplay display has no layers to compose, flushing client target buffer.
09-28 00:00:14.730   394   526 D AudioFlinger: mixer(0xb4000072cf74e9b0) throttle end: throttle time(30)
09-28 00:00:14.741   349   399 W RanchuHwc: presentDisplay display has no layers to compose, flushing client target buffer.
09-28 00:00:14.757   349   399 W RanchuHwc: presentDisplay display has no layers to compose, flushing client target buffer.
09-28 00:00:14.778   349   399 W RanchuHwc: presentDisplay display has no layers to compose, flushing client target buffer.
09-28 00:00:14.792   349   399 W RanchuHwc: presentDisplay display has no layers to compose, flushing client target buffer.
09-28 00:00:14.807   349   399 W RanchuHwc: presentDisplay display has no layers to compose, flushing client target buffer.
09-28 00:00:14.825   349   399 W RanchuHwc: presentDisplay display has no layers to compose, flushing client target buffer.
09-28 00:00:14.833   720   993 D EGL_emulation: app_time_stats: avg=16.39ms min=2.21ms max=95.50ms count=43
09-28 00:00:14.847   349   399 W RanchuHwc: presentDisplay display has no layers to compose, flushing client target buffer.
09-28 00:00:14.857   349   399 W RanchuHwc: presentDisplay display has no layers to compose, flushing client target buffer.
09-28 00:00:14.874   349   399 W RanchuHwc: presentDisplay display has no layers to compose, flushing client target buffer.
09-28 00:00:14.893   349   399 W RanchuHwc: presentDisplay display has no layers to compose, flushing client target buffer.
09-28 00:00:14.898  9000  9023 D EGL_emulation: app_time_stats: avg=27.34ms min=2.40ms max=150.33ms count=38
09-28 00:00:14.908   349   399 W RanchuHwc: presentDisplay display has no layers to compose, flushing client target buffer.
09-28 00:00:14.925   349   399 W RanchuHwc: presentDisplay display has no layers to compose, flushing client target buffer.
09-28 00:00:14.942   349   399 W RanchuHwc: presentDisplay display has no layers to compose, flushing client target buffer.
09-28 00:00:14.957   349   399 W RanchuHwc: presentDisplay display has no layers to compose, flushing client target buffer.
09-28 00:00:14.973   349   399 W RanchuHwc: presentDisplay display has no layers to compose, flushing client target buffer.
09-28 00:00:14.992   349   399 W RanchuHwc: presentDisplay display has no layers to compose, flushing client target buffer.
09-28 00:00:15.008   349   399 W RanchuHwc: presentDisplay display has no layers to compose, flushing client target buffer.
09-28 00:00:15.020  9000  9000 I ViewInteraction: Performing 'single click' action on view view.getId() is <2131231080/com.example.lunchtray:id/next_button>
09-28 00:00:15.024   349   399 W RanchuHwc: presentDisplay display has no layers to compose, flushing client target buffer.
09-28 00:00:15.026  1117  1117 D TaplEvents: TIS / TouchInteractionService.onInputEvent: MotionEvent { action=ACTION_DOWN, actionButton=0, id[0]=0, x[0]=798.5, y[0]=1718.5, toolType[0]=TOOL_TYPE_UNKNOWN, buttonState=BUTTON_PRIMARY, classification=NONE, metaState=0, flags=0x0, edgeFlags=0x0, pointerCount=1, historySize=0, eventTime=663725, downTime=663725, deviceId=-1, source=0x1002, displayId=0, eventId=-850012927 }
09-28 00:00:15.040   349   399 W RanchuHwc: presentDisplay display has no layers to compose, flushing client target buffer.
09-28 00:00:15.057   349   399 W RanchuHwc: presentDisplay display has no layers to compose, flushing client target buffer.
09-28 00:00:15.073   349   399 W RanchuHwc: presentDisplay display has no layers to compose, flushing client target buffer.
09-28 00:00:15.077  1117  1117 D TaplEvents: TIS / TouchInteractionService.onInputEvent: MotionEvent { action=ACTION_UP, actionButton=0, id[0]=0, x[0]=798.5, y[0]=1718.5, toolType[0]=TOOL_TYPE_FINGER, buttonState=BUTTON_PRIMARY, classification=NONE, metaState=0, flags=0x0, edgeFlags=0x0, pointerCount=1, historySize=0, eventTime=663776, downTime=663725, deviceId=-1, source=0x1002, displayId=0, eventId=-558608481 }
09-28 00:00:15.091   349   399 W RanchuHwc: presentDisplay display has no layers to compose, flushing client target buffer.
09-28 00:00:15.107   349   399 W RanchuHwc: presentDisplay display has no layers to compose, flushing client target buffer.
09-28 00:00:15.125   349   399 W RanchuHwc: presentDisplay display has no layers to compose, flushing client target buffer.
09-28 00:00:15.160   349   399 W RanchuHwc: presentDisplay display has no layers to compose, flushing client target buffer.
09-28 00:00:15.175   349   399 W RanchuHwc: presentDisplay display has no layers to compose, flushing client target buffer.
09-28 00:00:15.191   349   399 W RanchuHwc: presentDisplay display has no layers to compose, flushing client target buffer.
09-28 00:00:15.207   349   399 W RanchuHwc: presentDisplay display has no layers to compose, flushing client target buffer.
09-28 00:00:15.224   349   399 W RanchuHwc: presentDisplay display has no layers to compose, flushing client target buffer.
09-28 00:00:15.242   349   399 W RanchuHwc: presentDisplay display has no layers to compose, flushing client target buffer.
09-28 00:00:15.257   349   399 W RanchuHwc: presentDisplay display has no layers to compose, flushing client target buffer.
09-28 00:00:15.274   349   399 W RanchuHwc: presentDisplay display has no layers to compose, flushing client target buffer.
09-28 00:00:15.292   349   399 W RanchuHwc: presentDisplay display has no layers to compose, flushing client target buffer.
09-28 00:00:15.307   349   399 W RanchuHwc: presentDisplay display has no layers to compose, flushing client target buffer.
09-28 00:00:15.324   349   399 W RanchuHwc: presentDisplay display has no layers to compose, flushing client target buffer.
09-28 00:00:15.449  9000  9000 I ViewInteraction: Performing 'single click' action on view view.getId() is <2131231186/com.example.lunchtray:id/soup>
09-28 00:00:15.451  1117  1117 D TaplEvents: TIS / TouchInteractionService.onInputEvent: MotionEvent { action=ACTION_DOWN, actionButton=0, id[0]=0, x[0]=325.5, y[0]=616.5, toolType[0]=TOOL_TYPE_UNKNOWN, buttonState=BUTTON_PRIMARY, classification=NONE, metaState=0, flags=0x0, edgeFlags=0x0, pointerCount=1, historySize=0, eventTime=664150, downTime=664150, deviceId=-1, source=0x1002, displayId=0, eventId=-189052832 }
09-28 00:00:15.494  1117  1117 D TaplEvents: TIS / TouchInteractionService.onInputEvent: MotionEvent { action=ACTION_UP, actionButton=0, id[0]=0, x[0]=325.5, y[0]=616.5, toolType[0]=TOOL_TYPE_FINGER, buttonState=BUTTON_PRIMARY, classification=NONE, metaState=0, flags=0x0, edgeFlags=0x0, pointerCount=1, historySize=0, eventTime=664192, downTime=664150, deviceId=-1, source=0x1002, displayId=0, eventId=-931803862 }
09-28 00:00:15.524   349   399 W RanchuHwc: presentDisplay display has no layers to compose, flushing client target buffer.
09-28 00:00:15.540   349   399 W RanchuHwc: presentDisplay display has no layers to compose, flushing client target buffer.
09-28 00:00:15.557   349   399 W RanchuHwc: presentDisplay display has no layers to compose, flushing client target buffer.
09-28 00:00:15.574   349   399 W RanchuHwc: presentDisplay display has no layers to compose, flushing client target buffer.
09-28 00:00:15.591   349   399 W RanchuHwc: presentDisplay display has no layers to compose, flushing client target buffer.
09-28 00:00:15.608   349   399 W RanchuHwc: presentDisplay display has no layers to compose, flushing client target buffer.
09-28 00:00:15.625   349   399 W RanchuHwc: presentDisplay display has no layers to compose, flushing client target buffer.
09-28 00:00:15.642   349   399 W RanchuHwc: presentDisplay display has no layers to compose, flushing client target buffer.
09-28 00:00:15.657   349   399 W RanchuHwc: presentDisplay display has no layers to compose, flushing client target buffer.
09-28 00:00:15.674   349   399 W RanchuHwc: presentDisplay display has no layers to compose, flushing client target buffer.
09-28 00:00:15.692   349   399 W RanchuHwc: presentDisplay display has no layers to compose, flushing client target buffer.
09-28 00:00:15.707   349   399 W RanchuHwc: presentDisplay display has no layers to compose, flushing client target buffer.
09-28 00:00:15.723   349   399 W RanchuHwc: presentDisplay display has no layers to compose, flushing client target buffer.
09-28 00:00:15.741   349   399 W RanchuHwc: presentDisplay display has no layers to compose, flushing client target buffer.
09-28 00:00:15.757   349   399 W RanchuHwc: presentDisplay display has no layers to compose, flushing client target buffer.
09-28 00:00:15.774   349   399 W RanchuHwc: presentDisplay display has no layers to compose, flushing client target buffer.
09-28 00:00:15.790   349   399 W RanchuHwc: presentDisplay display has no layers to compose, flushing client target buffer.
09-28 00:00:15.807   349   399 W RanchuHwc: presentDisplay display has no layers to compose, flushing client target buffer.
09-28 00:00:15.811  9000  9000 I ViewInteraction: Performing 'single click' action on view view.getId() is <2131231080/com.example.lunchtray:id/next_button>
09-28 00:00:15.814  1117  1117 D TaplEvents: TIS / TouchInteractionService.onInputEvent: MotionEvent { action=ACTION_DOWN, actionButton=0, id[0]=0, x[0]=798.5, y[0]=1672.5, toolType[0]=TOOL_TYPE_UNKNOWN, buttonState=BUTTON_PRIMARY, classification=NONE, metaState=0, flags=0x0, edgeFlags=0x0, pointerCount=1, historySize=0, eventTime=664512, downTime=664512, deviceId=-1, source=0x1002, displayId=0, eventId=-286665476 }
09-28 00:00:15.824   349   399 W RanchuHwc: presentDisplay display has no layers to compose, flushing client target buffer.
09-28 00:00:15.845   349   399 W RanchuHwc: presentDisplay display has no layers to compose, flushing client target buffer.
09-28 00:00:15.857   349   399 W RanchuHwc: presentDisplay display has no layers to compose, flushing client target buffer.
09-28 00:00:15.859  1117  1117 D TaplEvents: TIS / TouchInteractionService.onInputEvent: MotionEvent { action=ACTION_UP, actionButton=0, id[0]=0, x[0]=798.5, y[0]=1672.5, toolType[0]=TOOL_TYPE_FINGER, buttonState=BUTTON_PRIMARY, classification=NONE, metaState=0, flags=0x0, edgeFlags=0x0, pointerCount=1, historySize=0, eventTime=664554, downTime=664512, deviceId=-1, source=0x1002, displayId=0, eventId=-600883310 }
09-28 00:00:15.901  9000  9023 D EGL_emulation: app_time_stats: avg=18.85ms min=2.77ms max=195.75ms count=45
09-28 00:00:15.907   349   399 W RanchuHwc: presentDisplay display has no layers to compose, flushing client target buffer.
09-28 00:00:15.957   349   399 W RanchuHwc: presentDisplay display has no layers to compose, flushing client target buffer.
09-28 00:00:15.974   349   399 W RanchuHwc: presentDisplay display has no layers to compose, flushing client target buffer.
09-28 00:00:15.990   349   399 W RanchuHwc: presentDisplay display has no layers to compose, flushing client target buffer.
09-28 00:00:16.007   349   399 W RanchuHwc: presentDisplay display has no layers to compose, flushing client target buffer.
09-28 00:00:16.024   349   399 W RanchuHwc: presentDisplay display has no layers to compose, flushing client target buffer.
09-28 00:00:16.041   349   399 W RanchuHwc: presentDisplay display has no layers to compose, flushing client target buffer.
09-28 00:00:16.059   349   399 W RanchuHwc: presentDisplay display has no layers to compose, flushing client target buffer.
09-28 00:00:16.073   349   399 W RanchuHwc: presentDisplay display has no layers to compose, flushing client target buffer.
09-28 00:00:16.091   349   399 W RanchuHwc: presentDisplay display has no layers to compose, flushing client target buffer.
09-28 00:00:16.219  9000  9000 I ViewInteraction: Performing 'single click' action on view view.getId() is <2131230835/com.example.lunchtray:id/bread>
09-28 00:00:16.221  1117  1117 D TaplEvents: TIS / TouchInteractionService.onInputEvent: MotionEvent { action=ACTION_DOWN, actionButton=0, id[0]=0, x[0]=196.0, y[0]=285.5, toolType[0]=TOOL_TYPE_UNKNOWN, buttonState=BUTTON_PRIMARY, classification=NONE, metaState=0, flags=0x0, edgeFlags=0x0, pointerCount=1, historySize=0, eventTime=664920, downTime=664920, deviceId=-1, source=0x1002, displayId=0, eventId=-833954612 }
09-28 00:00:16.239   800  1080 D BtGatt.ScanManager: uid 10103 isForeground true scanMode -1
09-28 00:00:16.240   800  1080 D BtGatt.ScanManager: uid 10103 isForeground true scanMode 1
09-28 00:00:16.240   800  1080 D BtGatt.ScanManager: uid 10103 isForeground true scanMode -1
09-28 00:00:16.261  1117  1117 D TaplEvents: TIS / TouchInteractionService.onInputEvent: MotionEvent { action=ACTION_UP, actionButton=0, id[0]=0, x[0]=196.0, y[0]=285.5, toolType[0]=TOOL_TYPE_FINGER, buttonState=BUTTON_PRIMARY, classification=NONE, metaState=0, flags=0x0, edgeFlags=0x0, pointerCount=1, historySize=0, eventTime=664960, downTime=664920, deviceId=-1, source=0x1002, displayId=0, eventId=-396187652 }
09-28 00:00:16.290   349   399 W RanchuHwc: presentDisplay display has no layers to compose, flushing client target buffer.
09-28 00:00:16.307   349   399 W RanchuHwc: presentDisplay display has no layers to compose, flushing client target buffer.
09-28 00:00:16.323   349   399 W RanchuHwc: presentDisplay display has no layers to compose, flushing client target buffer.
09-28 00:00:16.347   349   399 W RanchuHwc: presentDisplay display has no layers to compose, flushing client target buffer.
09-28 00:00:16.358   349   399 W RanchuHwc: presentDisplay display has no layers to compose, flushing client target buffer.
09-28 00:00:16.375   349   399 W RanchuHwc: presentDisplay display has no layers to compose, flushing client target buffer.
09-28 00:00:16.391   349   399 W RanchuHwc: presentDisplay display has no layers to compose, flushing client target buffer.
09-28 00:00:16.407   349   399 W RanchuHwc: presentDisplay display has no layers to compose, flushing client target buffer.
09-28 00:00:16.425   349   399 W RanchuHwc: presentDisplay display has no layers to compose, flushing client target buffer.
09-28 00:00:16.441   349   399 W RanchuHwc: presentDisplay display has no layers to compose, flushing client target buffer.
09-28 00:00:16.457   349   399 W RanchuHwc: presentDisplay display has no layers to compose, flushing client target buffer.
09-28 00:00:16.473   349   399 W RanchuHwc: presentDisplay display has no layers to compose, flushing client target buffer.
09-28 00:00:16.490   349   399 W RanchuHwc: presentDisplay display has no layers to compose, flushing client target buffer.
09-28 00:00:16.508   349   399 W RanchuHwc: presentDisplay display has no layers to compose, flushing client target buffer.
09-28 00:00:16.523   349   399 W RanchuHwc: presentDisplay display has no layers to compose, flushing client target buffer.
09-28 00:00:16.540   349   399 W RanchuHwc: presentDisplay display has no layers to compose, flushing client target buffer.
09-28 00:00:16.556   349   399 W RanchuHwc: presentDisplay display has no layers to compose, flushing client target buffer.
09-28 00:00:16.574   349   399 W RanchuHwc: presentDisplay display has no layers to compose, flushing client target buffer.
09-28 00:00:16.584  9000  9000 I ViewInteraction: Performing 'single click' action on view view.getId() is <2131230842/com.example.lunchtray:id/cancel_button>
09-28 00:00:16.587  1117  1117 D TaplEvents: TIS / TouchInteractionService.onInputEvent: MotionEvent { action=ACTION_DOWN, actionButton=0, id[0]=0, x[0]=280.5, y[0]=1341.5, toolType[0]=TOOL_TYPE_UNKNOWN, buttonState=BUTTON_PRIMARY, classification=NONE, metaState=0, flags=0x0, edgeFlags=0x0, pointerCount=1, historySize=0, eventTime=665285, downTime=665285, deviceId=-1, source=0x1002, displayId=0, eventId=-819715611 }
09-28 00:00:16.590   349   399 W RanchuHwc: presentDisplay display has no layers to compose, flushing client target buffer.
09-28 00:00:16.607   349   399 W RanchuHwc: presentDisplay display has no layers to compose, flushing client target buffer.
09-28 00:00:16.623   349   399 W RanchuHwc: presentDisplay display has no layers to compose, flushing client target buffer.
09-28 00:00:16.628  1117  1117 D TaplEvents: TIS / TouchInteractionService.onInputEvent: MotionEvent { action=ACTION_UP, actionButton=0, id[0]=0, x[0]=280.5, y[0]=1341.5, toolType[0]=TOOL_TYPE_FINGER, buttonState=BUTTON_PRIMARY, classification=NONE, metaState=0, flags=0x0, edgeFlags=0x0, pointerCount=1, historySize=0, eventTime=665327, downTime=665285, deviceId=-1, source=0x1002, displayId=0, eventId=-706229477 }
09-28 00:00:16.642   349   399 W RanchuHwc: presentDisplay display has no layers to compose, flushing client target buffer.
09-28 00:00:16.675   349   399 W RanchuHwc: presentDisplay display has no layers to compose, flushing client target buffer.
09-28 00:00:16.690   349   399 W RanchuHwc: presentDisplay display has no layers to compose, flushing client target buffer.
09-28 00:00:16.707   349   399 W RanchuHwc: presentDisplay display has no layers to compose, flushing client target buffer.
09-28 00:00:16.724   349   399 W RanchuHwc: presentDisplay display has no layers to compose, flushing client target buffer.
09-28 00:00:16.740   349   399 W RanchuHwc: presentDisplay display has no layers to compose, flushing client target buffer.
09-28 00:00:16.757   349   399 W RanchuHwc: presentDisplay display has no layers to compose, flushing client target buffer.
09-28 00:00:16.775   349   399 W RanchuHwc: presentDisplay display has no layers to compose, flushing client target buffer.
